// Jest Snapshot v1, https://jestjs.io/docs/snapshot-testing

exports[`ABACUpsellModal should render the modal with correct content 1`] = `
<body>
  <div>
    <dialog
      aria-labelledby=":r0:-title"
      aria-modal="true"
      class="rcx-box rcx-box--full rcx-modal"
      open=""
    >
      <div
        class="rcx-box rcx-box--full rcx-modal__inner rcx-css-1e2ego0"
      >
        <header
          class="rcx-box rcx-box--full rcx-modal__header"
        >
          <div
            class="rcx-box rcx-box--full rcx-modal__header-inner"
          >
            <div
              class="rcx-box rcx-box--full rcx-modal__header-text rcx-css-trljwa rcx-css-lma364"
            >
              <div
                class="rcx-box rcx-box--full rcx-modal__tagline rcx-css-ar0y0g"
              >
                Premium capability
              </div>
              <h2
                class="rcx-box rcx-box--full rcx-modal__title"
                id=":r0:-title"
              >
                Attribute-Based Access Control
              </h2>
            </div>
            <button
              aria-label="Close"
              class="rcx-box rcx-box--full rcx-button--small-square rcx-button--square rcx-button--icon rcx-button rcx-css-trljwa rcx-css-lma364"
              type="button"
            >
              <i
                aria-hidden="true"
                class="rcx-box rcx-box--full rcx-icon--name-cross rcx-icon rcx-css-4pvxx3"
              >
                î€ž
              </i>
            </button>
          </div>
        </header>
        <div
          class="rcx-box rcx-box--full rcx-modal__content rcx-css-1vw7itl"
        >
          <div
            class="rcx-box rcx-box--full rcx-modal__content-wrapper rcx-css-r1bpeb"
          >
            <figure
              class="rcx-modal__hero-image-wrapper"
            >
              <img
                alt=""
                class="rcx-box rcx-box--full rcx-modal__hero-image rcx-css-1qfl5uy"
                src="images/abac-upsell-modal.svg"
              />
            </figure>
            <h3
              class="rcx-box rcx-box--full rcx-css-1sfto34"
            >
              Automate complex access management across your entire organization
            </h3>
            <div
              class="rcx-box rcx-box--full rcx-css-1s3t8yc"
              style="white-space: break-spaces;"
            >
              ABAC automates room access, granting or revoking access based on dynamic user attributes rather than fixed roles.
            </div>
          </div>
        </div>
        <div
          class="rcx-box rcx-box--full rcx-modal__footer rcx-css-17mu816"
        >
          <div
            class="rcx-button-group rcx-button-group--align-end"
            role="group"
          >
            <button
              class="rcx-box rcx-box--full rcx-button--secondary rcx-button rcx-button-group__item"
              type="button"
            >
              <span
                class="rcx-button--content"
              >
                Cancel
              </span>
            </button>
            <button
              class="rcx-box rcx-box--full rcx-button--primary rcx-button rcx-button-group__item"
              type="button"
            >
              <span
                class="rcx-button--content"
              >
                Upgrade
              </span>
            </button>
          </div>
        </div>
      </div>
    </dialog>
  </div>
</body>
`;
