// Jest Snapshot v1, https://jestjs.io/docs/snapshot-testing

exports[`renders should render a modal without crashing 1`] = `
<dialog
  aria-labelledby=":r0:-title"
  aria-modal="true"
  class="rcx-box rcx-box--full rcx-modal"
  open=""
>
  <div
    class="rcx-box rcx-box--full rcx-modal__inner rcx-css-1e2ego0"
  >
    <header
      class="rcx-box rcx-box--full rcx-modal__header"
    >
      <div
        class="rcx-box rcx-box--full rcx-modal__header-inner"
      >
        <div
          class="rcx-box rcx-box--full rcx-css-trljwa rcx-css-3k19uf"
        >
          <i
            aria-hidden="true"
            class="rcx-box rcx-box--full rcx-icon--name-info rcx-icon rcx-css-zozvgz"
          >
            ÓÅÜ
          </i>
        </div>
        <div
          class="rcx-box rcx-box--full rcx-modal__header-text rcx-css-trljwa rcx-css-lma364"
        >
          <h2
            class="rcx-box rcx-box--full rcx-modal__title"
            id=":r0:-title"
          >
            Modal
          </h2>
        </div>
      </div>
    </header>
    <div
      class="rcx-box rcx-box--full rcx-modal__content rcx-css-1vw7itl"
    >
      <div
        class="rcx-box rcx-box--full rcx-modal__content-wrapper rcx-css-r1bpeb"
      />
    </div>
    <div
      class="rcx-box rcx-box--full rcx-modal__footer rcx-css-17mu816"
    >
      <div
        class="rcx-button-group rcx-button-group--align-end"
        role="group"
      />
    </div>
  </div>
</dialog>
`;
